<html>
<body>
<pre>
<h1>µVision Build Log</h1>
<h2>Tool Versions:</h2>
IDE-Version: µVision V5.24.2.0
Copyright (C) 2017 ARM Ltd and ARM Germany GmbH. All rights reserved.
License Information: Dima Ponomarev, Company, LIC=----
 
Tool Versions:
Toolchain:       MDK-Lite  Version: 5.24.1
Toolchain Path:  D:\Keil_v5\ARM\ARMCC\Bin
C Compiler:      Armcc.exe V5.06 update 5 (build 528)
Assembler:       Armasm.exe V5.06 update 5 (build 528)
Linker/Locator:  ArmLink.exe V5.06 update 5 (build 528)
Library Manager: ArmAr.exe V5.06 update 5 (build 528)
Hex Converter:   FromElf.exe V5.06 update 5 (build 528)
CPU DLL:         SARMCM3.DLL V5.24.1
Dialog DLL:      DCM.DLL V1.16.0.0
Target DLL:      STLink\ST-LINKIII-KEIL_SWO.dll V3.0.1.0
Dialog DLL:      TCM.DLL V1.32.0.0
 
<h2>Project:</h2>
D:\Yandex.Disk\Programming\STM32_HID\STM32_HID\MDK-ARM\STM32_HID.uvprojx
Project File Date:  12/14/2018

<h2>Output:</h2>
*** Using Compiler 'V5.06 update 5 (build 528)', folder: 'D:\Keil_v5\ARM\ARMCC\Bin'
Rebuild target 'STM32_HID'
assembling startup_stm32f303xc.s...
compiling usbd_ctlreq.c...
compiling usbd_core.c...
compiling usbd_hid.c...
compiling stm32f3xx_hal_pwr_ex.c...
compiling stm32f3xx_hal_pcd_ex.c...
compiling usbd_ioreq.c...
compiling stm32f3xx_hal_cortex.c...
compiling stm32f3xx_hal_rcc_ex.c...
compiling stm32f3xx_hal.c...
compiling stm32f3xx_hal_tim_ex.c...
compiling stm32f3xx_hal_gpio.c...
compiling stm32f3xx_hal_i2c.c...
compiling stm32f3xx_hal_flash.c...
compiling stm32f3xx_hal_flash_ex.c...
compiling stm32f3xx_hal_i2c_ex.c...
compiling stm32f3xx_hal_tim.c...
compiling stm32f3xx_hal_rcc.c...
compiling stm32f3xx_hal_pcd.c...
compiling stm32f3xx_hal_pwr.c...
compiling stm32f3xx_hal_dma.c...
compiling usbd_desc.c...
compiling stm32f3xx_hal_msp.c...
compiling stm32f3xx_it.c...
compiling usbd_conf.c...
compiling main.c...
../Src/main.c(129): warning:  #223-D: function "USBD_HID_SendReport" declared implicitly
      USBD_HID_SendReport(&hUsbDeviceFS, &mouseHID, sizeof(struct mouseHID_t));
../Src/main.c: 1 warning, 0 errors
compiling usb_device.c...
compiling system_stm32f3xx.c...
linking...
Program Size: Code=10112 RO-data=472 RW-data=260 ZI-data=3044  
"STM32_HID\STM32_HID.axf" - 0 Error(s), 1 Warning(s).

<h2>Software Packages used:</h2>

Package Vendor: ARM
                http://www.keil.com/pack/ARM.CMSIS.5.2.0.pack
                ARM.CMSIS.5.2.0
                CMSIS (Cortex Microcontroller Software Interface Standard)
   * Component: CORE Version: 5.0.2

Package Vendor: Keil
                http://www.keil.com/pack/Keil.STM32F3xx_DFP.2.1.0.pack
                Keil.STM32F3xx_DFP.2.1.0
                STMicroelectronics STM32F3 Series Device Support and Examples

<h2>Collection of Component include folders:</h2>
  .\RTE\_STM32_HID
  D:\Keil_v5\ARM\PACK\ARM\CMSIS\5.2.0\CMSIS\Include
  D:\Keil_v5\ARM\PACK\Keil\STM32F3xx_DFP\2.1.0\Drivers\CMSIS\Device\ST\STM32F3xx\Include

<h2>Collection of Component Files used:</h2>

   * Component: ARM::CMSIS:CORE:5.0.2
Build Time Elapsed:  00:01:00
</pre>
</body>
</html>
